<?xml version="1.0" encoding="UTF-8"?>
<TestRun id="db5d389c-83d4-4eec-9862-c31c6696ae3b" name="eduardcs@HI36231 2013-05-30 14:35:06" runUser="CEGEKANV\eduardcs" xmlns="http://microsoft.com/schemas/VisualStudio/TeamTest/2010">
  <TestSettings name="Local" id="654fd7ac-c9d2-439f-88eb-27cca1f2cc15">
    <Description>These are default test settings for a local test run.</Description>
    <Deployment enabled="false" runDeploymentRoot="eduardcs_HI36231 2013-05-30 14_35_06">
      <DeploymentItem filename="D:\TestRepo\Stanculet\Args\Kata.Args\bin\Debug\Kata.Args.dll" />
    </Deployment>
    <Execution>
      <TestTypeSpecific />
      <AgentRule name="Execution Agents">
      </AgentRule>
    </Execution>
  </TestSettings>
  <Times creation="2013-05-30T14:35:06.8057704+03:00" queuing="2013-05-30T14:35:08.0518417+03:00" start="2013-05-30T14:35:08.1978500+03:00" finish="2013-05-30T14:35:08.5388696+03:00" />
  <ResultSummary outcome="Completed">
    <Counters total="1" executed="1" passed="1" error="0" failed="0" timeout="0" aborted="0" inconclusive="0" passedButRunAborted="0" notRunnable="0" notExecuted="0" disconnected="0" warning="0" completed="0" inProgress="0" pending="0" />
  </ResultSummary>
  <TestDefinitions>
    <UnitTest name="Test" storage="d:\testrepo\stanculet\args\kata.args.test\bin\debug\kata.args.test.dll" id="50485ca5-facf-ca04-9052-1ca56ba2d038">
      <Execution id="e0ea67e7-7c1d-409d-8832-390116867691" />
      <TestMethod codeBase="D:/TestRepo/Stanculet/Args/Kata.Args.Test/bin/Debug/Kata.Args.Test.DLL" adapterTypeName="Microsoft.VisualStudio.TestTools.TestTypes.Unit.UnitTestAdapter, Microsoft.VisualStudio.QualityTools.Tips.UnitTest.Adapter, Version=10.0.0.0, Culture=neutral, PublicKeyToken=b03f5f7f11d50a3a" className="Kata.Args.Test.TestParse, Kata.Args.Test, Version=1.0.0.0, Culture=neutral, PublicKeyToken=null" name="Test" />
    </UnitTest>
  </TestDefinitions>
  <TestLists>
    <TestList name="Results Not in a List" id="8c84fa94-04c1-424b-9868-57a2d4851a1d" />
    <TestList name="All Loaded Results" id="19431567-8539-422a-85d7-44ee4e166bda" />
  </TestLists>
  <TestEntries>
    <TestEntry testId="50485ca5-facf-ca04-9052-1ca56ba2d038" executionId="e0ea67e7-7c1d-409d-8832-390116867691" testListId="8c84fa94-04c1-424b-9868-57a2d4851a1d" />
  </TestEntries>
  <Results>
    <UnitTestResult executionId="e0ea67e7-7c1d-409d-8832-390116867691" testId="50485ca5-facf-ca04-9052-1ca56ba2d038" testName="Test" computerName="HI36231" duration="00:00:00.0084806" startTime="2013-05-30T14:35:08.2558534+03:00" endTime="2013-05-30T14:35:08.4748659+03:00" testType="13cdc9d9-ddb5-4fa4-a97d-d965ccfc6d4b" outcome="Passed" testListId="8c84fa94-04c1-424b-9868-57a2d4851a1d" relativeResultsDirectory="e0ea67e7-7c1d-409d-8832-390116867691">
    </UnitTestResult>
  </Results>
</TestRun>